
> trae-project@0.0.0 test
> vitest --run --coverage tests/consensus.test.ts

[dotenv@17.2.3] injecting env (3) from .env -- tip: ÔÜÖ´©Å  load multiple .env files with { path: ['.env.local', '.env'] }
[dotenv@17.2.3] injecting env (4) from api\.env -- tip: ÔÜÖ´©Å  suppress all logs with { quiet: true }

[1m[46m RUN [49m[22m [36mv4.0.12 [39m[90mC:/Users/tayla/OneDrive/Masa├╝st├╝/AYAZMA-ONE/AYAZMA_ONE_v2[39m
      [2mCoverage enabled with [22m[33mv8[39m

 [31m├ù[39m tests/consensus.test.ts[2m > [22mEvalService Consensus[2m > [22mshould calculate average scores from multiple models[32m 25[2mms[22m[39m
[31m   ÔåÆ expected 0.8500000000000001 to be 0.85 // Object.is equality[39m
 [32mÔ£ô[39m tests/consensus.test.ts[2m > [22mEvalService Consensus[2m > [22mshould handle model failures gracefully[32m 1[2mms[22m[39m

[2m Test Files [22m [1m[31m1 failed[39m[22m[90m (1)[39m
[2m      Tests [22m [1m[31m1 failed[39m[22m[2m | [22m[1m[32m1 passed[39m[22m[90m (2)[39m
[2m   Start at [22m 18:57:42
[2m   Duration [22m 3.81s[2m (transform 182ms, setup 544ms, collect 155ms, tests 31ms, environment 1.80s, prepare 105ms)[22m

JSON report written to C:/Users/tayla/OneDrive/Masa├╝st├╝/AYAZMA-ONE/AYAZMA_ONE_v2/test-results.json
